// Jest Snapshot v1, https://goo.gl/fbAQLP

exports[`it tests the table row component loads and renders the table row 1`] = `
<tr
  className="cell credit"
  scope="row"
>
  <td
    className="cell"
  >
    ALPHA
     
  </td>
  <td
    className="cell positive"
  >
    3150.67
     
  </td>
  <td
    className="cell"
  >
    Credit
     
  </td>
</tr>
`;
